running egg_info
creating build/tourobo_2026_auto_mechanisms/tourobo_2026_auto_mechanisms.egg-info
writing build/tourobo_2026_auto_mechanisms/tourobo_2026_auto_mechanisms.egg-info/PKG-INFO
writing dependency_links to build/tourobo_2026_auto_mechanisms/tourobo_2026_auto_mechanisms.egg-info/dependency_links.txt
writing entry points to build/tourobo_2026_auto_mechanisms/tourobo_2026_auto_mechanisms.egg-info/entry_points.txt
writing requirements to build/tourobo_2026_auto_mechanisms/tourobo_2026_auto_mechanisms.egg-info/requires.txt
writing top-level names to build/tourobo_2026_auto_mechanisms/tourobo_2026_auto_mechanisms.egg-info/top_level.txt
writing manifest file 'build/tourobo_2026_auto_mechanisms/tourobo_2026_auto_mechanisms.egg-info/SOURCES.txt'
reading manifest file 'build/tourobo_2026_auto_mechanisms/tourobo_2026_auto_mechanisms.egg-info/SOURCES.txt'
writing manifest file 'build/tourobo_2026_auto_mechanisms/tourobo_2026_auto_mechanisms.egg-info/SOURCES.txt'
running build
running build_py
creating /home/hatsu/robobobo/nise_tourobo_2026/src/tourobo_2026_auto_mechanisms/build/tourobo_2026_auto_mechanisms/build
creating /home/hatsu/robobobo/nise_tourobo_2026/src/tourobo_2026_auto_mechanisms/build/tourobo_2026_auto_mechanisms/build/lib
creating /home/hatsu/robobobo/nise_tourobo_2026/src/tourobo_2026_auto_mechanisms/build/tourobo_2026_auto_mechanisms/build/lib/tourobo_2026_auto_mechanisms
copying tourobo_2026_auto_mechanisms/ball_shoot_node.py -> /home/hatsu/robobobo/nise_tourobo_2026/src/tourobo_2026_auto_mechanisms/build/tourobo_2026_auto_mechanisms/build/lib/tourobo_2026_auto_mechanisms
copying tourobo_2026_auto_mechanisms/__init__.py -> /home/hatsu/robobobo/nise_tourobo_2026/src/tourobo_2026_auto_mechanisms/build/tourobo_2026_auto_mechanisms/build/lib/tourobo_2026_auto_mechanisms
copying tourobo_2026_auto_mechanisms/ball_put_plate_node.py -> /home/hatsu/robobobo/nise_tourobo_2026/src/tourobo_2026_auto_mechanisms/build/tourobo_2026_auto_mechanisms/build/lib/tourobo_2026_auto_mechanisms
copying tourobo_2026_auto_mechanisms/ball_put_gate_node.py -> /home/hatsu/robobobo/nise_tourobo_2026/src/tourobo_2026_auto_mechanisms/build/tourobo_2026_auto_mechanisms/build/lib/tourobo_2026_auto_mechanisms
copying tourobo_2026_auto_mechanisms/testnode.py -> /home/hatsu/robobobo/nise_tourobo_2026/src/tourobo_2026_auto_mechanisms/build/tourobo_2026_auto_mechanisms/build/lib/tourobo_2026_auto_mechanisms
copying tourobo_2026_auto_mechanisms/ball_get_node.py -> /home/hatsu/robobobo/nise_tourobo_2026/src/tourobo_2026_auto_mechanisms/build/tourobo_2026_auto_mechanisms/build/lib/tourobo_2026_auto_mechanisms
copying tourobo_2026_auto_mechanisms/joy_mechanism_client.py -> /home/hatsu/robobobo/nise_tourobo_2026/src/tourobo_2026_auto_mechanisms/build/tourobo_2026_auto_mechanisms/build/lib/tourobo_2026_auto_mechanisms
copying tourobo_2026_auto_mechanisms/yolo_node.py -> /home/hatsu/robobobo/nise_tourobo_2026/src/tourobo_2026_auto_mechanisms/build/tourobo_2026_auto_mechanisms/build/lib/tourobo_2026_auto_mechanisms
running install
running install_lib
creating /home/hatsu/robobobo/nise_tourobo_2026/src/tourobo_2026_auto_mechanisms/install/tourobo_2026_auto_mechanisms/lib/python3.10/site-packages/tourobo_2026_auto_mechanisms
copying /home/hatsu/robobobo/nise_tourobo_2026/src/tourobo_2026_auto_mechanisms/build/tourobo_2026_auto_mechanisms/build/lib/tourobo_2026_auto_mechanisms/ball_shoot_node.py -> /home/hatsu/robobobo/nise_tourobo_2026/src/tourobo_2026_auto_mechanisms/install/tourobo_2026_auto_mechanisms/lib/python3.10/site-packages/tourobo_2026_auto_mechanisms
copying /home/hatsu/robobobo/nise_tourobo_2026/src/tourobo_2026_auto_mechanisms/build/tourobo_2026_auto_mechanisms/build/lib/tourobo_2026_auto_mechanisms/__init__.py -> /home/hatsu/robobobo/nise_tourobo_2026/src/tourobo_2026_auto_mechanisms/install/tourobo_2026_auto_mechanisms/lib/python3.10/site-packages/tourobo_2026_auto_mechanisms
copying /home/hatsu/robobobo/nise_tourobo_2026/src/tourobo_2026_auto_mechanisms/build/tourobo_2026_auto_mechanisms/build/lib/tourobo_2026_auto_mechanisms/ball_put_plate_node.py -> /home/hatsu/robobobo/nise_tourobo_2026/src/tourobo_2026_auto_mechanisms/install/tourobo_2026_auto_mechanisms/lib/python3.10/site-packages/tourobo_2026_auto_mechanisms
copying /home/hatsu/robobobo/nise_tourobo_2026/src/tourobo_2026_auto_mechanisms/build/tourobo_2026_auto_mechanisms/build/lib/tourobo_2026_auto_mechanisms/ball_put_gate_node.py -> /home/hatsu/robobobo/nise_tourobo_2026/src/tourobo_2026_auto_mechanisms/install/tourobo_2026_auto_mechanisms/lib/python3.10/site-packages/tourobo_2026_auto_mechanisms
copying /home/hatsu/robobobo/nise_tourobo_2026/src/tourobo_2026_auto_mechanisms/build/tourobo_2026_auto_mechanisms/build/lib/tourobo_2026_auto_mechanisms/testnode.py -> /home/hatsu/robobobo/nise_tourobo_2026/src/tourobo_2026_auto_mechanisms/install/tourobo_2026_auto_mechanisms/lib/python3.10/site-packages/tourobo_2026_auto_mechanisms
copying /home/hatsu/robobobo/nise_tourobo_2026/src/tourobo_2026_auto_mechanisms/build/tourobo_2026_auto_mechanisms/build/lib/tourobo_2026_auto_mechanisms/ball_get_node.py -> /home/hatsu/robobobo/nise_tourobo_2026/src/tourobo_2026_auto_mechanisms/install/tourobo_2026_auto_mechanisms/lib/python3.10/site-packages/tourobo_2026_auto_mechanisms
copying /home/hatsu/robobobo/nise_tourobo_2026/src/tourobo_2026_auto_mechanisms/build/tourobo_2026_auto_mechanisms/build/lib/tourobo_2026_auto_mechanisms/joy_mechanism_client.py -> /home/hatsu/robobobo/nise_tourobo_2026/src/tourobo_2026_auto_mechanisms/install/tourobo_2026_auto_mechanisms/lib/python3.10/site-packages/tourobo_2026_auto_mechanisms
copying /home/hatsu/robobobo/nise_tourobo_2026/src/tourobo_2026_auto_mechanisms/build/tourobo_2026_auto_mechanisms/build/lib/tourobo_2026_auto_mechanisms/yolo_node.py -> /home/hatsu/robobobo/nise_tourobo_2026/src/tourobo_2026_auto_mechanisms/install/tourobo_2026_auto_mechanisms/lib/python3.10/site-packages/tourobo_2026_auto_mechanisms
byte-compiling /home/hatsu/robobobo/nise_tourobo_2026/src/tourobo_2026_auto_mechanisms/install/tourobo_2026_auto_mechanisms/lib/python3.10/site-packages/tourobo_2026_auto_mechanisms/ball_shoot_node.py to ball_shoot_node.cpython-310.pyc
byte-compiling /home/hatsu/robobobo/nise_tourobo_2026/src/tourobo_2026_auto_mechanisms/install/tourobo_2026_auto_mechanisms/lib/python3.10/site-packages/tourobo_2026_auto_mechanisms/__init__.py to __init__.cpython-310.pyc
byte-compiling /home/hatsu/robobobo/nise_tourobo_2026/src/tourobo_2026_auto_mechanisms/install/tourobo_2026_auto_mechanisms/lib/python3.10/site-packages/tourobo_2026_auto_mechanisms/ball_put_plate_node.py to ball_put_plate_node.cpython-310.pyc
byte-compiling /home/hatsu/robobobo/nise_tourobo_2026/src/tourobo_2026_auto_mechanisms/install/tourobo_2026_auto_mechanisms/lib/python3.10/site-packages/tourobo_2026_auto_mechanisms/ball_put_gate_node.py to ball_put_gate_node.cpython-310.pyc
byte-compiling /home/hatsu/robobobo/nise_tourobo_2026/src/tourobo_2026_auto_mechanisms/install/tourobo_2026_auto_mechanisms/lib/python3.10/site-packages/tourobo_2026_auto_mechanisms/testnode.py to testnode.cpython-310.pyc
byte-compiling /home/hatsu/robobobo/nise_tourobo_2026/src/tourobo_2026_auto_mechanisms/install/tourobo_2026_auto_mechanisms/lib/python3.10/site-packages/tourobo_2026_auto_mechanisms/ball_get_node.py to ball_get_node.cpython-310.pyc
byte-compiling /home/hatsu/robobobo/nise_tourobo_2026/src/tourobo_2026_auto_mechanisms/install/tourobo_2026_auto_mechanisms/lib/python3.10/site-packages/tourobo_2026_auto_mechanisms/joy_mechanism_client.py to joy_mechanism_client.cpython-310.pyc
byte-compiling /home/hatsu/robobobo/nise_tourobo_2026/src/tourobo_2026_auto_mechanisms/install/tourobo_2026_auto_mechanisms/lib/python3.10/site-packages/tourobo_2026_auto_mechanisms/yolo_node.py to yolo_node.cpython-310.pyc
running install_data
creating /home/hatsu/robobobo/nise_tourobo_2026/src/tourobo_2026_auto_mechanisms/install/tourobo_2026_auto_mechanisms/share/ament_index
creating /home/hatsu/robobobo/nise_tourobo_2026/src/tourobo_2026_auto_mechanisms/install/tourobo_2026_auto_mechanisms/share/ament_index/resource_index
creating /home/hatsu/robobobo/nise_tourobo_2026/src/tourobo_2026_auto_mechanisms/install/tourobo_2026_auto_mechanisms/share/ament_index/resource_index/packages
copying resource/tourobo_2026_auto_mechanisms -> /home/hatsu/robobobo/nise_tourobo_2026/src/tourobo_2026_auto_mechanisms/install/tourobo_2026_auto_mechanisms/share/ament_index/resource_index/packages
copying package.xml -> /home/hatsu/robobobo/nise_tourobo_2026/src/tourobo_2026_auto_mechanisms/install/tourobo_2026_auto_mechanisms/share/tourobo_2026_auto_mechanisms
running install_egg_info
Copying build/tourobo_2026_auto_mechanisms/tourobo_2026_auto_mechanisms.egg-info to /home/hatsu/robobobo/nise_tourobo_2026/src/tourobo_2026_auto_mechanisms/install/tourobo_2026_auto_mechanisms/lib/python3.10/site-packages/tourobo_2026_auto_mechanisms-0.0.0-py3.10.egg-info
running install_scripts
Installing ball_get_node script to /home/hatsu/robobobo/nise_tourobo_2026/src/tourobo_2026_auto_mechanisms/install/tourobo_2026_auto_mechanisms/lib/tourobo_2026_auto_mechanisms
Installing ball_put_gate_node script to /home/hatsu/robobobo/nise_tourobo_2026/src/tourobo_2026_auto_mechanisms/install/tourobo_2026_auto_mechanisms/lib/tourobo_2026_auto_mechanisms
Installing ball_put_plate_node script to /home/hatsu/robobobo/nise_tourobo_2026/src/tourobo_2026_auto_mechanisms/install/tourobo_2026_auto_mechanisms/lib/tourobo_2026_auto_mechanisms
Installing ball_shoot_node script to /home/hatsu/robobobo/nise_tourobo_2026/src/tourobo_2026_auto_mechanisms/install/tourobo_2026_auto_mechanisms/lib/tourobo_2026_auto_mechanisms
Installing joy_mechanism_client script to /home/hatsu/robobobo/nise_tourobo_2026/src/tourobo_2026_auto_mechanisms/install/tourobo_2026_auto_mechanisms/lib/tourobo_2026_auto_mechanisms
Installing yolo_node script to /home/hatsu/robobobo/nise_tourobo_2026/src/tourobo_2026_auto_mechanisms/install/tourobo_2026_auto_mechanisms/lib/tourobo_2026_auto_mechanisms
writing list of installed files to '/home/hatsu/robobobo/nise_tourobo_2026/src/tourobo_2026_auto_mechanisms/build/tourobo_2026_auto_mechanisms/install.log'
