[1.357s] Invoking command in '/home/hatsu/robobobo/nise_tourobo_2026/src/tourobo_2026_auto_mechanisms': PYTHONPATH=/home/hatsu/robobobo/nise_tourobo_2026/src/tourobo_2026_auto_mechanisms/build/tourobo_2026_auto_mechanisms/prefix_override:/usr/lib/python3/dist-packages/colcon_core/task/python/colcon_distutils_commands:/home/hatsu/robobobo/nise_tourobo_2026/src/tourobo_2026_auto_mechanisms/install/tourobo_2026_auto_mechanisms/lib/python3.10/site-packages:${PYTHONPATH} /usr/bin/python3 -W ignore:setup.py install is deprecated -W ignore:easy_install command is deprecated setup.py egg_info --egg-base build/tourobo_2026_auto_mechanisms build --build-base /home/hatsu/robobobo/nise_tourobo_2026/src/tourobo_2026_auto_mechanisms/build/tourobo_2026_auto_mechanisms/build install --record /home/hatsu/robobobo/nise_tourobo_2026/src/tourobo_2026_auto_mechanisms/build/tourobo_2026_auto_mechanisms/install.log --install-scripts $base/lib/tourobo_2026_auto_mechanisms --single-version-externally-managed install_data
[1.818s] running egg_info
[1.821s] creating build/tourobo_2026_auto_mechanisms/tourobo_2026_auto_mechanisms.egg-info
[1.821s] writing build/tourobo_2026_auto_mechanisms/tourobo_2026_auto_mechanisms.egg-info/PKG-INFO
[1.823s] writing dependency_links to build/tourobo_2026_auto_mechanisms/tourobo_2026_auto_mechanisms.egg-info/dependency_links.txt
[1.825s] writing entry points to build/tourobo_2026_auto_mechanisms/tourobo_2026_auto_mechanisms.egg-info/entry_points.txt
[1.825s] writing requirements to build/tourobo_2026_auto_mechanisms/tourobo_2026_auto_mechanisms.egg-info/requires.txt
[1.826s] writing top-level names to build/tourobo_2026_auto_mechanisms/tourobo_2026_auto_mechanisms.egg-info/top_level.txt
[1.827s] writing manifest file 'build/tourobo_2026_auto_mechanisms/tourobo_2026_auto_mechanisms.egg-info/SOURCES.txt'
[1.830s] reading manifest file 'build/tourobo_2026_auto_mechanisms/tourobo_2026_auto_mechanisms.egg-info/SOURCES.txt'
[1.835s] writing manifest file 'build/tourobo_2026_auto_mechanisms/tourobo_2026_auto_mechanisms.egg-info/SOURCES.txt'
[1.835s] running build
[1.838s] running build_py
[1.840s] creating /home/hatsu/robobobo/nise_tourobo_2026/src/tourobo_2026_auto_mechanisms/build/tourobo_2026_auto_mechanisms/build
[1.841s] creating /home/hatsu/robobobo/nise_tourobo_2026/src/tourobo_2026_auto_mechanisms/build/tourobo_2026_auto_mechanisms/build/lib
[1.841s] creating /home/hatsu/robobobo/nise_tourobo_2026/src/tourobo_2026_auto_mechanisms/build/tourobo_2026_auto_mechanisms/build/lib/tourobo_2026_auto_mechanisms
[1.841s] copying tourobo_2026_auto_mechanisms/ball_shoot_node.py -> /home/hatsu/robobobo/nise_tourobo_2026/src/tourobo_2026_auto_mechanisms/build/tourobo_2026_auto_mechanisms/build/lib/tourobo_2026_auto_mechanisms
[1.841s] copying tourobo_2026_auto_mechanisms/__init__.py -> /home/hatsu/robobobo/nise_tourobo_2026/src/tourobo_2026_auto_mechanisms/build/tourobo_2026_auto_mechanisms/build/lib/tourobo_2026_auto_mechanisms
[1.842s] copying tourobo_2026_auto_mechanisms/ball_put_plate_node.py -> /home/hatsu/robobobo/nise_tourobo_2026/src/tourobo_2026_auto_mechanisms/build/tourobo_2026_auto_mechanisms/build/lib/tourobo_2026_auto_mechanisms
[1.842s] copying tourobo_2026_auto_mechanisms/ball_put_gate_node.py -> /home/hatsu/robobobo/nise_tourobo_2026/src/tourobo_2026_auto_mechanisms/build/tourobo_2026_auto_mechanisms/build/lib/tourobo_2026_auto_mechanisms
[1.842s] copying tourobo_2026_auto_mechanisms/testnode.py -> /home/hatsu/robobobo/nise_tourobo_2026/src/tourobo_2026_auto_mechanisms/build/tourobo_2026_auto_mechanisms/build/lib/tourobo_2026_auto_mechanisms
[1.844s] copying tourobo_2026_auto_mechanisms/ball_get_node.py -> /home/hatsu/robobobo/nise_tourobo_2026/src/tourobo_2026_auto_mechanisms/build/tourobo_2026_auto_mechanisms/build/lib/tourobo_2026_auto_mechanisms
[1.845s] copying tourobo_2026_auto_mechanisms/joy_mechanism_client.py -> /home/hatsu/robobobo/nise_tourobo_2026/src/tourobo_2026_auto_mechanisms/build/tourobo_2026_auto_mechanisms/build/lib/tourobo_2026_auto_mechanisms
[1.845s] copying tourobo_2026_auto_mechanisms/yolo_node.py -> /home/hatsu/robobobo/nise_tourobo_2026/src/tourobo_2026_auto_mechanisms/build/tourobo_2026_auto_mechanisms/build/lib/tourobo_2026_auto_mechanisms
[1.845s] running install
[1.845s] running install_lib
[1.847s] creating /home/hatsu/robobobo/nise_tourobo_2026/src/tourobo_2026_auto_mechanisms/install/tourobo_2026_auto_mechanisms/lib/python3.10/site-packages/tourobo_2026_auto_mechanisms
[1.847s] copying /home/hatsu/robobobo/nise_tourobo_2026/src/tourobo_2026_auto_mechanisms/build/tourobo_2026_auto_mechanisms/build/lib/tourobo_2026_auto_mechanisms/ball_shoot_node.py -> /home/hatsu/robobobo/nise_tourobo_2026/src/tourobo_2026_auto_mechanisms/install/tourobo_2026_auto_mechanisms/lib/python3.10/site-packages/tourobo_2026_auto_mechanisms
[1.847s] copying /home/hatsu/robobobo/nise_tourobo_2026/src/tourobo_2026_auto_mechanisms/build/tourobo_2026_auto_mechanisms/build/lib/tourobo_2026_auto_mechanisms/__init__.py -> /home/hatsu/robobobo/nise_tourobo_2026/src/tourobo_2026_auto_mechanisms/install/tourobo_2026_auto_mechanisms/lib/python3.10/site-packages/tourobo_2026_auto_mechanisms
[1.847s] copying /home/hatsu/robobobo/nise_tourobo_2026/src/tourobo_2026_auto_mechanisms/build/tourobo_2026_auto_mechanisms/build/lib/tourobo_2026_auto_mechanisms/ball_put_plate_node.py -> /home/hatsu/robobobo/nise_tourobo_2026/src/tourobo_2026_auto_mechanisms/install/tourobo_2026_auto_mechanisms/lib/python3.10/site-packages/tourobo_2026_auto_mechanisms
[1.848s] copying /home/hatsu/robobobo/nise_tourobo_2026/src/tourobo_2026_auto_mechanisms/build/tourobo_2026_auto_mechanisms/build/lib/tourobo_2026_auto_mechanisms/ball_put_gate_node.py -> /home/hatsu/robobobo/nise_tourobo_2026/src/tourobo_2026_auto_mechanisms/install/tourobo_2026_auto_mechanisms/lib/python3.10/site-packages/tourobo_2026_auto_mechanisms
[1.848s] copying /home/hatsu/robobobo/nise_tourobo_2026/src/tourobo_2026_auto_mechanisms/build/tourobo_2026_auto_mechanisms/build/lib/tourobo_2026_auto_mechanisms/testnode.py -> /home/hatsu/robobobo/nise_tourobo_2026/src/tourobo_2026_auto_mechanisms/install/tourobo_2026_auto_mechanisms/lib/python3.10/site-packages/tourobo_2026_auto_mechanisms
[1.848s] copying /home/hatsu/robobobo/nise_tourobo_2026/src/tourobo_2026_auto_mechanisms/build/tourobo_2026_auto_mechanisms/build/lib/tourobo_2026_auto_mechanisms/ball_get_node.py -> /home/hatsu/robobobo/nise_tourobo_2026/src/tourobo_2026_auto_mechanisms/install/tourobo_2026_auto_mechanisms/lib/python3.10/site-packages/tourobo_2026_auto_mechanisms
[1.848s] copying /home/hatsu/robobobo/nise_tourobo_2026/src/tourobo_2026_auto_mechanisms/build/tourobo_2026_auto_mechanisms/build/lib/tourobo_2026_auto_mechanisms/joy_mechanism_client.py -> /home/hatsu/robobobo/nise_tourobo_2026/src/tourobo_2026_auto_mechanisms/install/tourobo_2026_auto_mechanisms/lib/python3.10/site-packages/tourobo_2026_auto_mechanisms
[1.849s] copying /home/hatsu/robobobo/nise_tourobo_2026/src/tourobo_2026_auto_mechanisms/build/tourobo_2026_auto_mechanisms/build/lib/tourobo_2026_auto_mechanisms/yolo_node.py -> /home/hatsu/robobobo/nise_tourobo_2026/src/tourobo_2026_auto_mechanisms/install/tourobo_2026_auto_mechanisms/lib/python3.10/site-packages/tourobo_2026_auto_mechanisms
[1.849s] byte-compiling /home/hatsu/robobobo/nise_tourobo_2026/src/tourobo_2026_auto_mechanisms/install/tourobo_2026_auto_mechanisms/lib/python3.10/site-packages/tourobo_2026_auto_mechanisms/ball_shoot_node.py to ball_shoot_node.cpython-310.pyc
[1.849s] byte-compiling /home/hatsu/robobobo/nise_tourobo_2026/src/tourobo_2026_auto_mechanisms/install/tourobo_2026_auto_mechanisms/lib/python3.10/site-packages/tourobo_2026_auto_mechanisms/__init__.py to __init__.cpython-310.pyc
[1.849s] byte-compiling /home/hatsu/robobobo/nise_tourobo_2026/src/tourobo_2026_auto_mechanisms/install/tourobo_2026_auto_mechanisms/lib/python3.10/site-packages/tourobo_2026_auto_mechanisms/ball_put_plate_node.py to ball_put_plate_node.cpython-310.pyc
[1.850s] byte-compiling /home/hatsu/robobobo/nise_tourobo_2026/src/tourobo_2026_auto_mechanisms/install/tourobo_2026_auto_mechanisms/lib/python3.10/site-packages/tourobo_2026_auto_mechanisms/ball_put_gate_node.py to ball_put_gate_node.cpython-310.pyc
[1.851s] byte-compiling /home/hatsu/robobobo/nise_tourobo_2026/src/tourobo_2026_auto_mechanisms/install/tourobo_2026_auto_mechanisms/lib/python3.10/site-packages/tourobo_2026_auto_mechanisms/testnode.py to testnode.cpython-310.pyc
[1.852s] byte-compiling /home/hatsu/robobobo/nise_tourobo_2026/src/tourobo_2026_auto_mechanisms/install/tourobo_2026_auto_mechanisms/lib/python3.10/site-packages/tourobo_2026_auto_mechanisms/ball_get_node.py to ball_get_node.cpython-310.pyc
[1.853s] byte-compiling /home/hatsu/robobobo/nise_tourobo_2026/src/tourobo_2026_auto_mechanisms/install/tourobo_2026_auto_mechanisms/lib/python3.10/site-packages/tourobo_2026_auto_mechanisms/joy_mechanism_client.py to joy_mechanism_client.cpython-310.pyc
[1.855s] byte-compiling /home/hatsu/robobobo/nise_tourobo_2026/src/tourobo_2026_auto_mechanisms/install/tourobo_2026_auto_mechanisms/lib/python3.10/site-packages/tourobo_2026_auto_mechanisms/yolo_node.py to yolo_node.cpython-310.pyc
[1.858s] running install_data
[1.858s] creating /home/hatsu/robobobo/nise_tourobo_2026/src/tourobo_2026_auto_mechanisms/install/tourobo_2026_auto_mechanisms/share/ament_index
[1.858s] creating /home/hatsu/robobobo/nise_tourobo_2026/src/tourobo_2026_auto_mechanisms/install/tourobo_2026_auto_mechanisms/share/ament_index/resource_index
[1.859s] creating /home/hatsu/robobobo/nise_tourobo_2026/src/tourobo_2026_auto_mechanisms/install/tourobo_2026_auto_mechanisms/share/ament_index/resource_index/packages
[1.859s] copying resource/tourobo_2026_auto_mechanisms -> /home/hatsu/robobobo/nise_tourobo_2026/src/tourobo_2026_auto_mechanisms/install/tourobo_2026_auto_mechanisms/share/ament_index/resource_index/packages
[1.863s] copying package.xml -> /home/hatsu/robobobo/nise_tourobo_2026/src/tourobo_2026_auto_mechanisms/install/tourobo_2026_auto_mechanisms/share/tourobo_2026_auto_mechanisms
[1.863s] running install_egg_info
[1.866s] Copying build/tourobo_2026_auto_mechanisms/tourobo_2026_auto_mechanisms.egg-info to /home/hatsu/robobobo/nise_tourobo_2026/src/tourobo_2026_auto_mechanisms/install/tourobo_2026_auto_mechanisms/lib/python3.10/site-packages/tourobo_2026_auto_mechanisms-0.0.0-py3.10.egg-info
[1.869s] running install_scripts
[1.923s] Installing ball_get_node script to /home/hatsu/robobobo/nise_tourobo_2026/src/tourobo_2026_auto_mechanisms/install/tourobo_2026_auto_mechanisms/lib/tourobo_2026_auto_mechanisms
[1.925s] Installing ball_put_gate_node script to /home/hatsu/robobobo/nise_tourobo_2026/src/tourobo_2026_auto_mechanisms/install/tourobo_2026_auto_mechanisms/lib/tourobo_2026_auto_mechanisms
[1.925s] Installing ball_put_plate_node script to /home/hatsu/robobobo/nise_tourobo_2026/src/tourobo_2026_auto_mechanisms/install/tourobo_2026_auto_mechanisms/lib/tourobo_2026_auto_mechanisms
[1.925s] Installing ball_shoot_node script to /home/hatsu/robobobo/nise_tourobo_2026/src/tourobo_2026_auto_mechanisms/install/tourobo_2026_auto_mechanisms/lib/tourobo_2026_auto_mechanisms
[1.925s] Installing joy_mechanism_client script to /home/hatsu/robobobo/nise_tourobo_2026/src/tourobo_2026_auto_mechanisms/install/tourobo_2026_auto_mechanisms/lib/tourobo_2026_auto_mechanisms
[1.926s] Installing yolo_node script to /home/hatsu/robobobo/nise_tourobo_2026/src/tourobo_2026_auto_mechanisms/install/tourobo_2026_auto_mechanisms/lib/tourobo_2026_auto_mechanisms
[1.931s] writing list of installed files to '/home/hatsu/robobobo/nise_tourobo_2026/src/tourobo_2026_auto_mechanisms/build/tourobo_2026_auto_mechanisms/install.log'
[2.034s] Invoked command in '/home/hatsu/robobobo/nise_tourobo_2026/src/tourobo_2026_auto_mechanisms' returned '0': PYTHONPATH=/home/hatsu/robobobo/nise_tourobo_2026/src/tourobo_2026_auto_mechanisms/build/tourobo_2026_auto_mechanisms/prefix_override:/usr/lib/python3/dist-packages/colcon_core/task/python/colcon_distutils_commands:/home/hatsu/robobobo/nise_tourobo_2026/src/tourobo_2026_auto_mechanisms/install/tourobo_2026_auto_mechanisms/lib/python3.10/site-packages:${PYTHONPATH} /usr/bin/python3 -W ignore:setup.py install is deprecated -W ignore:easy_install command is deprecated setup.py egg_info --egg-base build/tourobo_2026_auto_mechanisms build --build-base /home/hatsu/robobobo/nise_tourobo_2026/src/tourobo_2026_auto_mechanisms/build/tourobo_2026_auto_mechanisms/build install --record /home/hatsu/robobobo/nise_tourobo_2026/src/tourobo_2026_auto_mechanisms/build/tourobo_2026_auto_mechanisms/install.log --install-scripts $base/lib/tourobo_2026_auto_mechanisms --single-version-externally-managed install_data
