running egg_info
writing ../../build/tourobo_2026_auto/tourobo_2026_auto.egg-info/PKG-INFO
writing dependency_links to ../../build/tourobo_2026_auto/tourobo_2026_auto.egg-info/dependency_links.txt
writing entry points to ../../build/tourobo_2026_auto/tourobo_2026_auto.egg-info/entry_points.txt
writing requirements to ../../build/tourobo_2026_auto/tourobo_2026_auto.egg-info/requires.txt
writing top-level names to ../../build/tourobo_2026_auto/tourobo_2026_auto.egg-info/top_level.txt
reading manifest file '../../build/tourobo_2026_auto/tourobo_2026_auto.egg-info/SOURCES.txt'
writing manifest file '../../build/tourobo_2026_auto/tourobo_2026_auto.egg-info/SOURCES.txt'
running build
running build_py
copying tourobo_2026_auto/testnode.py -> /home/hatsu/Robobobobobobo/tourobo_2026/build/tourobo_2026_auto/build/lib/tourobo_2026_auto
running install
running install_lib
copying /home/hatsu/Robobobobobobo/tourobo_2026/build/tourobo_2026_auto/build/lib/tourobo_2026_auto/testnode.py -> /home/hatsu/Robobobobobobo/tourobo_2026/install/tourobo_2026_auto/lib/python3.10/site-packages/tourobo_2026_auto
byte-compiling /home/hatsu/Robobobobobobo/tourobo_2026/install/tourobo_2026_auto/lib/python3.10/site-packages/tourobo_2026_auto/testnode.py to testnode.cpython-310.pyc
running install_data
running install_egg_info
removing '/home/hatsu/Robobobobobobo/tourobo_2026/install/tourobo_2026_auto/lib/python3.10/site-packages/tourobo_2026_auto-0.0.0-py3.10.egg-info' (and everything under it)
Copying ../../build/tourobo_2026_auto/tourobo_2026_auto.egg-info to /home/hatsu/Robobobobobobo/tourobo_2026/install/tourobo_2026_auto/lib/python3.10/site-packages/tourobo_2026_auto-0.0.0-py3.10.egg-info
running install_scripts
Installing testnode script to /home/hatsu/Robobobobobobo/tourobo_2026/install/tourobo_2026_auto/lib/tourobo_2026_auto
writing list of installed files to '/home/hatsu/Robobobobobobo/tourobo_2026/build/tourobo_2026_auto/install.log'
