[0.978s] Invoking command in '/home/hatsu/Robobobobobobo/tourobo_2026/src/tourobo_2026_auto': PYTHONPATH=/home/hatsu/Robobobobobobo/tourobo_2026/build/tourobo_2026_auto/prefix_override:/usr/lib/python3/dist-packages/colcon_core/task/python/colcon_distutils_commands:/home/hatsu/Robobobobobobo/tourobo_2026/install/tourobo_2026_auto/lib/python3.10/site-packages:${PYTHONPATH} /usr/bin/python3 -W ignore:setup.py install is deprecated -W ignore:easy_install command is deprecated setup.py egg_info --egg-base ../../build/tourobo_2026_auto build --build-base /home/hatsu/Robobobobobobo/tourobo_2026/build/tourobo_2026_auto/build install --record /home/hatsu/Robobobobobobo/tourobo_2026/build/tourobo_2026_auto/install.log --single-version-externally-managed install_data
[1.364s] running egg_info
[1.365s] writing ../../build/tourobo_2026_auto/tourobo_2026_auto.egg-info/PKG-INFO
[1.366s] writing dependency_links to ../../build/tourobo_2026_auto/tourobo_2026_auto.egg-info/dependency_links.txt
[1.366s] writing entry points to ../../build/tourobo_2026_auto/tourobo_2026_auto.egg-info/entry_points.txt
[1.366s] writing requirements to ../../build/tourobo_2026_auto/tourobo_2026_auto.egg-info/requires.txt
[1.366s] writing top-level names to ../../build/tourobo_2026_auto/tourobo_2026_auto.egg-info/top_level.txt
[1.369s] reading manifest file '../../build/tourobo_2026_auto/tourobo_2026_auto.egg-info/SOURCES.txt'
[1.371s] writing manifest file '../../build/tourobo_2026_auto/tourobo_2026_auto.egg-info/SOURCES.txt'
[1.371s] running build
[1.371s] running build_py
[1.373s] copying tourobo_2026_auto/testnode.py -> /home/hatsu/Robobobobobobo/tourobo_2026/build/tourobo_2026_auto/build/lib/tourobo_2026_auto
[1.373s] running install
[1.374s] running install_lib
[1.376s] copying /home/hatsu/Robobobobobobo/tourobo_2026/build/tourobo_2026_auto/build/lib/tourobo_2026_auto/testnode.py -> /home/hatsu/Robobobobobobo/tourobo_2026/install/tourobo_2026_auto/lib/python3.10/site-packages/tourobo_2026_auto
[1.377s] byte-compiling /home/hatsu/Robobobobobobo/tourobo_2026/install/tourobo_2026_auto/lib/python3.10/site-packages/tourobo_2026_auto/testnode.py to testnode.cpython-310.pyc
[1.377s] running install_data
[1.378s] running install_egg_info
[1.381s] removing '/home/hatsu/Robobobobobobo/tourobo_2026/install/tourobo_2026_auto/lib/python3.10/site-packages/tourobo_2026_auto-0.0.0-py3.10.egg-info' (and everything under it)
[1.382s] Copying ../../build/tourobo_2026_auto/tourobo_2026_auto.egg-info to /home/hatsu/Robobobobobobo/tourobo_2026/install/tourobo_2026_auto/lib/python3.10/site-packages/tourobo_2026_auto-0.0.0-py3.10.egg-info
[1.383s] running install_scripts
[1.411s] Installing testnode script to /home/hatsu/Robobobobobobo/tourobo_2026/install/tourobo_2026_auto/lib/tourobo_2026_auto
[1.412s] writing list of installed files to '/home/hatsu/Robobobobobobo/tourobo_2026/build/tourobo_2026_auto/install.log'
[1.479s] Invoked command in '/home/hatsu/Robobobobobobo/tourobo_2026/src/tourobo_2026_auto' returned '0': PYTHONPATH=/home/hatsu/Robobobobobobo/tourobo_2026/build/tourobo_2026_auto/prefix_override:/usr/lib/python3/dist-packages/colcon_core/task/python/colcon_distutils_commands:/home/hatsu/Robobobobobobo/tourobo_2026/install/tourobo_2026_auto/lib/python3.10/site-packages:${PYTHONPATH} /usr/bin/python3 -W ignore:setup.py install is deprecated -W ignore:easy_install command is deprecated setup.py egg_info --egg-base ../../build/tourobo_2026_auto build --build-base /home/hatsu/Robobobobobobo/tourobo_2026/build/tourobo_2026_auto/build install --record /home/hatsu/Robobobobobobo/tourobo_2026/build/tourobo_2026_auto/install.log --single-version-externally-managed install_data
