[0.323s] DEBUG:colcon:Command line arguments: ['/usr/bin/colcon', 'build', '--packages-select', 'tourobo_2026_auto_mechanisms', 'tourobo_2026_auto_robot']
[0.323s] DEBUG:colcon:Parsed command line arguments: Namespace(log_base=None, log_level=None, verb_name='build', build_base='build', install_base='install', merge_install=False, symlink_install=False, test_result_base=None, continue_on_error=False, executor='parallel', parallel_workers=4, event_handlers=None, ignore_user_meta=False, metas=['./colcon.meta'], base_paths=['.'], packages_ignore=None, packages_ignore_regex=None, paths=None, packages_up_to=None, packages_up_to_regex=None, packages_above=None, packages_above_and_dependencies=None, packages_above_depth=None, packages_select_by_dep=None, packages_skip_by_dep=None, packages_skip_up_to=None, packages_select_build_failed=False, packages_skip_build_finished=False, packages_select_test_failures=False, packages_skip_test_passed=False, packages_select=['tourobo_2026_auto_mechanisms', 'tourobo_2026_auto_robot'], packages_skip=None, packages_select_regex=None, packages_skip_regex=None, packages_start=None, packages_end=None, allow_overriding=[], cmake_args=None, cmake_target=None, cmake_target_skip_unavailable=False, cmake_clean_cache=False, cmake_clean_first=False, cmake_force_configure=False, ament_cmake_args=None, catkin_cmake_args=None, catkin_skip_building_tests=False, verb_parser=<colcon_defaults.argument_parser.defaults.DefaultArgumentsDecorator object at 0x73032fd54430>, verb_extension=<colcon_core.verb.build.BuildVerb object at 0x73032fd2be50>, main=<bound method BuildVerb.main of <colcon_core.verb.build.BuildVerb object at 0x73032fd2be50>>)
[1.104s] Level 1:colcon.colcon_core.package_discovery:discover_packages(colcon_meta) check parameters
[1.104s] Level 1:colcon.colcon_core.package_discovery:discover_packages(recursive) check parameters
[1.104s] Level 1:colcon.colcon_core.package_discovery:discover_packages(ignore) check parameters
[1.105s] Level 1:colcon.colcon_core.package_discovery:discover_packages(path) check parameters
[1.105s] Level 1:colcon.colcon_core.package_discovery:discover_packages(colcon_meta) discover
[1.105s] Level 1:colcon.colcon_core.package_discovery:discover_packages(recursive) discover
[1.105s] INFO:colcon.colcon_core.package_discovery:Crawling recursively for packages in '/home/hatsu/robobobo/nise_tourobo_2026/src/tourobo_2026_auto_mechanisms'
[1.105s] Level 1:colcon.colcon_core.package_identification:_identify(.) by extensions ['ignore', 'ignore_ament_install']
[1.105s] Level 1:colcon.colcon_core.package_identification:_identify(.) by extension 'ignore'
[1.105s] Level 1:colcon.colcon_core.package_identification:_identify(.) by extension 'ignore_ament_install'
[1.105s] Level 1:colcon.colcon_core.package_identification:_identify(.) by extensions ['colcon_pkg']
[1.105s] Level 1:colcon.colcon_core.package_identification:_identify(.) by extension 'colcon_pkg'
[1.106s] Level 1:colcon.colcon_core.package_identification:_identify(.) by extensions ['colcon_meta']
[1.106s] Level 1:colcon.colcon_core.package_identification:_identify(.) by extension 'colcon_meta'
[1.106s] Level 1:colcon.colcon_core.package_identification:_identify(.) by extensions ['ros']
[1.106s] Level 1:colcon.colcon_core.package_identification:_identify(.) by extension 'ros'
[1.131s] DEBUG:colcon.colcon_core.package_identification:Package '.' with type 'ros.ament_python' and name 'tourobo_2026_auto_mechanisms'
[1.132s] Level 1:colcon.colcon_core.package_discovery:discover_packages(recursive) using defaults
[1.132s] Level 1:colcon.colcon_core.package_discovery:discover_packages(ignore) discover
[1.132s] Level 1:colcon.colcon_core.package_discovery:discover_packages(ignore) using defaults
[1.132s] Level 1:colcon.colcon_core.package_discovery:discover_packages(path) discover
[1.132s] Level 1:colcon.colcon_core.package_discovery:discover_packages(path) using defaults
[1.133s] WARNING:colcon.colcon_core.package_selection:ignoring unknown package 'tourobo_2026_auto_robot' in --packages-select
[1.178s] Level 1:colcon.colcon_core.package_discovery:discover_packages(prefix_path) check parameters
[1.178s] Level 1:colcon.colcon_core.package_discovery:discover_packages(prefix_path) discover
[1.183s] DEBUG:colcon.colcon_installed_package_information.package_discovery:Found 273 installed packages in /opt/ros/humble
[1.202s] Level 1:colcon.colcon_core.package_discovery:discover_packages(prefix_path) using defaults
[1.268s] Level 5:colcon.colcon_core.verb:set package 'tourobo_2026_auto_mechanisms' build argument 'cmake_args' from command line to 'None'
[1.268s] Level 5:colcon.colcon_core.verb:set package 'tourobo_2026_auto_mechanisms' build argument 'cmake_target' from command line to 'None'
[1.268s] Level 5:colcon.colcon_core.verb:set package 'tourobo_2026_auto_mechanisms' build argument 'cmake_target_skip_unavailable' from command line to 'False'
[1.268s] Level 5:colcon.colcon_core.verb:set package 'tourobo_2026_auto_mechanisms' build argument 'cmake_clean_cache' from command line to 'False'
[1.268s] Level 5:colcon.colcon_core.verb:set package 'tourobo_2026_auto_mechanisms' build argument 'cmake_clean_first' from command line to 'False'
[1.268s] Level 5:colcon.colcon_core.verb:set package 'tourobo_2026_auto_mechanisms' build argument 'cmake_force_configure' from command line to 'False'
[1.268s] Level 5:colcon.colcon_core.verb:set package 'tourobo_2026_auto_mechanisms' build argument 'ament_cmake_args' from command line to 'None'
[1.268s] Level 5:colcon.colcon_core.verb:set package 'tourobo_2026_auto_mechanisms' build argument 'catkin_cmake_args' from command line to 'None'
[1.268s] Level 5:colcon.colcon_core.verb:set package 'tourobo_2026_auto_mechanisms' build argument 'catkin_skip_building_tests' from command line to 'False'
[1.268s] DEBUG:colcon.colcon_core.verb:Building package 'tourobo_2026_auto_mechanisms' with the following arguments: {'ament_cmake_args': None, 'build_base': '/home/hatsu/robobobo/nise_tourobo_2026/src/tourobo_2026_auto_mechanisms/build/tourobo_2026_auto_mechanisms', 'catkin_cmake_args': None, 'catkin_skip_building_tests': False, 'cmake_args': None, 'cmake_clean_cache': False, 'cmake_clean_first': False, 'cmake_force_configure': False, 'cmake_target': None, 'cmake_target_skip_unavailable': False, 'install_base': '/home/hatsu/robobobo/nise_tourobo_2026/src/tourobo_2026_auto_mechanisms/install/tourobo_2026_auto_mechanisms', 'merge_install': False, 'path': '/home/hatsu/robobobo/nise_tourobo_2026/src/tourobo_2026_auto_mechanisms', 'symlink_install': False, 'test_result_base': None}
[1.268s] INFO:colcon.colcon_core.executor:Executing jobs using 'parallel' executor
[1.270s] DEBUG:colcon.colcon_parallel_executor.executor.parallel:run_until_complete
[1.270s] INFO:colcon.colcon_ros.task.ament_python.build:Building ROS package in '/home/hatsu/robobobo/nise_tourobo_2026/src/tourobo_2026_auto_mechanisms' with build type 'ament_python'
[1.270s] Level 1:colcon.colcon_core.shell:create_environment_hook('tourobo_2026_auto_mechanisms', 'ament_prefix_path')
[1.275s] INFO:colcon.colcon_core.plugin_system:Skipping extension 'colcon_core.shell.bat': Not used on non-Windows systems
[1.275s] INFO:colcon.colcon_core.shell:Creating environment hook '/home/hatsu/robobobo/nise_tourobo_2026/src/tourobo_2026_auto_mechanisms/install/tourobo_2026_auto_mechanisms/share/tourobo_2026_auto_mechanisms/hook/ament_prefix_path.ps1'
[1.276s] INFO:colcon.colcon_core.shell:Creating environment descriptor '/home/hatsu/robobobo/nise_tourobo_2026/src/tourobo_2026_auto_mechanisms/install/tourobo_2026_auto_mechanisms/share/tourobo_2026_auto_mechanisms/hook/ament_prefix_path.dsv'
[1.277s] INFO:colcon.colcon_core.shell:Creating environment hook '/home/hatsu/robobobo/nise_tourobo_2026/src/tourobo_2026_auto_mechanisms/install/tourobo_2026_auto_mechanisms/share/tourobo_2026_auto_mechanisms/hook/ament_prefix_path.sh'
[1.279s] INFO:colcon.colcon_core.shell:Skip shell extension 'powershell' for command environment: Not usable outside of PowerShell
[1.279s] DEBUG:colcon.colcon_core.shell:Skip shell extension 'dsv' for command environment
[1.768s] INFO:colcon.colcon_core.task.python.build:Building Python package in '/home/hatsu/robobobo/nise_tourobo_2026/src/tourobo_2026_auto_mechanisms'
[1.768s] INFO:colcon.colcon_core.shell:Skip shell extension 'powershell' for command environment: Not usable outside of PowerShell
[1.768s] DEBUG:colcon.colcon_core.shell:Skip shell extension 'dsv' for command environment
[2.622s] DEBUG:colcon.colcon_core.task.python.build:Available setuptools commands: install, register, saveopts, rotate, upload_docs, bdist, install_egg_info, build_scripts, bdist_rpm, install_scripts, egg_info, build, build_clib, alias, install_data, upload, develop, dist_info, bdist_dumb, sdist, check, build_ext, clean, symlink_data, setopt, test, bdist_wheel, bdist_egg, build_py, install_headers, easy_install, install_lib
[2.628s] DEBUG:colcon.colcon_core.event_handler.log_command:Invoking command in '/home/hatsu/robobobo/nise_tourobo_2026/src/tourobo_2026_auto_mechanisms': PYTHONPATH=/home/hatsu/robobobo/nise_tourobo_2026/src/tourobo_2026_auto_mechanisms/build/tourobo_2026_auto_mechanisms/prefix_override:/usr/lib/python3/dist-packages/colcon_core/task/python/colcon_distutils_commands:/home/hatsu/robobobo/nise_tourobo_2026/src/tourobo_2026_auto_mechanisms/install/tourobo_2026_auto_mechanisms/lib/python3.10/site-packages:${PYTHONPATH} /usr/bin/python3 -W ignore:setup.py install is deprecated -W ignore:easy_install command is deprecated setup.py egg_info --egg-base build/tourobo_2026_auto_mechanisms build --build-base /home/hatsu/robobobo/nise_tourobo_2026/src/tourobo_2026_auto_mechanisms/build/tourobo_2026_auto_mechanisms/build install --record /home/hatsu/robobobo/nise_tourobo_2026/src/tourobo_2026_auto_mechanisms/build/tourobo_2026_auto_mechanisms/install.log --install-scripts $base/lib/tourobo_2026_auto_mechanisms --single-version-externally-managed install_data
[3.306s] DEBUG:colcon.colcon_core.event_handler.log_command:Invoked command in '/home/hatsu/robobobo/nise_tourobo_2026/src/tourobo_2026_auto_mechanisms' returned '0': PYTHONPATH=/home/hatsu/robobobo/nise_tourobo_2026/src/tourobo_2026_auto_mechanisms/build/tourobo_2026_auto_mechanisms/prefix_override:/usr/lib/python3/dist-packages/colcon_core/task/python/colcon_distutils_commands:/home/hatsu/robobobo/nise_tourobo_2026/src/tourobo_2026_auto_mechanisms/install/tourobo_2026_auto_mechanisms/lib/python3.10/site-packages:${PYTHONPATH} /usr/bin/python3 -W ignore:setup.py install is deprecated -W ignore:easy_install command is deprecated setup.py egg_info --egg-base build/tourobo_2026_auto_mechanisms build --build-base /home/hatsu/robobobo/nise_tourobo_2026/src/tourobo_2026_auto_mechanisms/build/tourobo_2026_auto_mechanisms/build install --record /home/hatsu/robobobo/nise_tourobo_2026/src/tourobo_2026_auto_mechanisms/build/tourobo_2026_auto_mechanisms/install.log --install-scripts $base/lib/tourobo_2026_auto_mechanisms --single-version-externally-managed install_data
[3.350s] Level 1:colcon.colcon_core.environment:checking '/home/hatsu/robobobo/nise_tourobo_2026/src/tourobo_2026_auto_mechanisms/install/tourobo_2026_auto_mechanisms' for CMake module files
[3.351s] Level 1:colcon.colcon_core.environment:checking '/home/hatsu/robobobo/nise_tourobo_2026/src/tourobo_2026_auto_mechanisms/install/tourobo_2026_auto_mechanisms' for CMake config files
[3.362s] Level 1:colcon.colcon_core.environment:checking '/home/hatsu/robobobo/nise_tourobo_2026/src/tourobo_2026_auto_mechanisms/install/tourobo_2026_auto_mechanisms/lib'
[3.362s] Level 1:colcon.colcon_core.environment:checking '/home/hatsu/robobobo/nise_tourobo_2026/src/tourobo_2026_auto_mechanisms/install/tourobo_2026_auto_mechanisms/bin'
[3.363s] Level 1:colcon.colcon_core.environment:checking '/home/hatsu/robobobo/nise_tourobo_2026/src/tourobo_2026_auto_mechanisms/install/tourobo_2026_auto_mechanisms/lib/pkgconfig/tourobo_2026_auto_mechanisms.pc'
[3.372s] Level 1:colcon.colcon_core.environment:checking '/home/hatsu/robobobo/nise_tourobo_2026/src/tourobo_2026_auto_mechanisms/install/tourobo_2026_auto_mechanisms/lib/python3.10/site-packages'
[3.372s] Level 1:colcon.colcon_core.shell:create_environment_hook('tourobo_2026_auto_mechanisms', 'pythonpath')
[3.373s] INFO:colcon.colcon_core.shell:Creating environment hook '/home/hatsu/robobobo/nise_tourobo_2026/src/tourobo_2026_auto_mechanisms/install/tourobo_2026_auto_mechanisms/share/tourobo_2026_auto_mechanisms/hook/pythonpath.ps1'
[3.374s] INFO:colcon.colcon_core.shell:Creating environment descriptor '/home/hatsu/robobobo/nise_tourobo_2026/src/tourobo_2026_auto_mechanisms/install/tourobo_2026_auto_mechanisms/share/tourobo_2026_auto_mechanisms/hook/pythonpath.dsv'
[3.384s] INFO:colcon.colcon_core.shell:Creating environment hook '/home/hatsu/robobobo/nise_tourobo_2026/src/tourobo_2026_auto_mechanisms/install/tourobo_2026_auto_mechanisms/share/tourobo_2026_auto_mechanisms/hook/pythonpath.sh'
[3.391s] Level 1:colcon.colcon_core.environment:checking '/home/hatsu/robobobo/nise_tourobo_2026/src/tourobo_2026_auto_mechanisms/install/tourobo_2026_auto_mechanisms/bin'
[3.391s] Level 1:colcon.colcon_core.environment:create_environment_scripts_only(tourobo_2026_auto_mechanisms)
[3.392s] INFO:colcon.colcon_core.shell:Creating package script '/home/hatsu/robobobo/nise_tourobo_2026/src/tourobo_2026_auto_mechanisms/install/tourobo_2026_auto_mechanisms/share/tourobo_2026_auto_mechanisms/package.ps1'
[3.418s] INFO:colcon.colcon_core.shell:Creating package descriptor '/home/hatsu/robobobo/nise_tourobo_2026/src/tourobo_2026_auto_mechanisms/install/tourobo_2026_auto_mechanisms/share/tourobo_2026_auto_mechanisms/package.dsv'
[3.430s] INFO:colcon.colcon_core.shell:Creating package script '/home/hatsu/robobobo/nise_tourobo_2026/src/tourobo_2026_auto_mechanisms/install/tourobo_2026_auto_mechanisms/share/tourobo_2026_auto_mechanisms/package.sh'
[3.443s] INFO:colcon.colcon_core.shell:Creating package script '/home/hatsu/robobobo/nise_tourobo_2026/src/tourobo_2026_auto_mechanisms/install/tourobo_2026_auto_mechanisms/share/tourobo_2026_auto_mechanisms/package.bash'
[3.457s] INFO:colcon.colcon_core.shell:Creating package script '/home/hatsu/robobobo/nise_tourobo_2026/src/tourobo_2026_auto_mechanisms/install/tourobo_2026_auto_mechanisms/share/tourobo_2026_auto_mechanisms/package.zsh'
[3.465s] Level 1:colcon.colcon_core.environment:create_file_with_runtime_dependencies(/home/hatsu/robobobo/nise_tourobo_2026/src/tourobo_2026_auto_mechanisms/install/tourobo_2026_auto_mechanisms/share/colcon-core/packages/tourobo_2026_auto_mechanisms)
[3.466s] DEBUG:colcon.colcon_parallel_executor.executor.parallel:closing loop
[3.466s] DEBUG:colcon.colcon_parallel_executor.executor.parallel:loop closed
[3.466s] DEBUG:colcon.colcon_parallel_executor.executor.parallel:run_until_complete finished with '0'
[3.471s] DEBUG:colcon.colcon_core.event_reactor:joining thread
[3.521s] INFO:colcon.colcon_core.plugin_system:Skipping extension 'colcon_notification.desktop_notification.terminal_notifier': Not used on non-Darwin systems
[3.522s] INFO:colcon.colcon_core.plugin_system:Skipping extension 'colcon_notification.desktop_notification.win32': Not used on non-Windows systems
[3.522s] INFO:colcon.colcon_notification.desktop_notification:Sending desktop notification using 'notify2'
[3.579s] DEBUG:colcon.colcon_core.event_reactor:joined thread
[3.580s] INFO:colcon.colcon_core.shell:Creating prefix script '/home/hatsu/robobobo/nise_tourobo_2026/src/tourobo_2026_auto_mechanisms/install/local_setup.ps1'
[3.599s] INFO:colcon.colcon_core.shell:Creating prefix util module '/home/hatsu/robobobo/nise_tourobo_2026/src/tourobo_2026_auto_mechanisms/install/_local_setup_util_ps1.py'
[3.614s] INFO:colcon.colcon_core.shell:Creating prefix chain script '/home/hatsu/robobobo/nise_tourobo_2026/src/tourobo_2026_auto_mechanisms/install/setup.ps1'
[3.622s] INFO:colcon.colcon_core.shell:Creating prefix script '/home/hatsu/robobobo/nise_tourobo_2026/src/tourobo_2026_auto_mechanisms/install/local_setup.sh'
[3.624s] INFO:colcon.colcon_core.shell:Creating prefix util module '/home/hatsu/robobobo/nise_tourobo_2026/src/tourobo_2026_auto_mechanisms/install/_local_setup_util_sh.py'
[3.628s] INFO:colcon.colcon_core.shell:Creating prefix chain script '/home/hatsu/robobobo/nise_tourobo_2026/src/tourobo_2026_auto_mechanisms/install/setup.sh'
[3.635s] INFO:colcon.colcon_core.shell:Creating prefix script '/home/hatsu/robobobo/nise_tourobo_2026/src/tourobo_2026_auto_mechanisms/install/local_setup.bash'
[3.637s] INFO:colcon.colcon_core.shell:Creating prefix chain script '/home/hatsu/robobobo/nise_tourobo_2026/src/tourobo_2026_auto_mechanisms/install/setup.bash'
[3.640s] INFO:colcon.colcon_core.shell:Creating prefix script '/home/hatsu/robobobo/nise_tourobo_2026/src/tourobo_2026_auto_mechanisms/install/local_setup.zsh'
[3.641s] INFO:colcon.colcon_core.shell:Creating prefix chain script '/home/hatsu/robobobo/nise_tourobo_2026/src/tourobo_2026_auto_mechanisms/install/setup.zsh'
