/home/hatsu/robobobo/nise_tourobo_2026/src/tourobo_2026_auto_mechanisms/install/tourobo_2026_auto_mechanisms/lib/python3.10/site-packages/tourobo_2026_auto_mechanisms/ball_shoot_node.py
/home/hatsu/robobobo/nise_tourobo_2026/src/tourobo_2026_auto_mechanisms/install/tourobo_2026_auto_mechanisms/lib/python3.10/site-packages/tourobo_2026_auto_mechanisms/__init__.py
/home/hatsu/robobobo/nise_tourobo_2026/src/tourobo_2026_auto_mechanisms/install/tourobo_2026_auto_mechanisms/lib/python3.10/site-packages/tourobo_2026_auto_mechanisms/ball_put_plate_node.py
/home/hatsu/robobobo/nise_tourobo_2026/src/tourobo_2026_auto_mechanisms/install/tourobo_2026_auto_mechanisms/lib/python3.10/site-packages/tourobo_2026_auto_mechanisms/ball_put_gate_node.py
/home/hatsu/robobobo/nise_tourobo_2026/src/tourobo_2026_auto_mechanisms/install/tourobo_2026_auto_mechanisms/lib/python3.10/site-packages/tourobo_2026_auto_mechanisms/testnode.py
/home/hatsu/robobobo/nise_tourobo_2026/src/tourobo_2026_auto_mechanisms/install/tourobo_2026_auto_mechanisms/lib/python3.10/site-packages/tourobo_2026_auto_mechanisms/ball_get_node.py
/home/hatsu/robobobo/nise_tourobo_2026/src/tourobo_2026_auto_mechanisms/install/tourobo_2026_auto_mechanisms/lib/python3.10/site-packages/tourobo_2026_auto_mechanisms/joy_mechanism_client.py
/home/hatsu/robobobo/nise_tourobo_2026/src/tourobo_2026_auto_mechanisms/install/tourobo_2026_auto_mechanisms/lib/python3.10/site-packages/tourobo_2026_auto_mechanisms/yolo_node.py
/home/hatsu/robobobo/nise_tourobo_2026/src/tourobo_2026_auto_mechanisms/install/tourobo_2026_auto_mechanisms/lib/python3.10/site-packages/tourobo_2026_auto_mechanisms/__pycache__/ball_shoot_node.cpython-310.pyc
/home/hatsu/robobobo/nise_tourobo_2026/src/tourobo_2026_auto_mechanisms/install/tourobo_2026_auto_mechanisms/lib/python3.10/site-packages/tourobo_2026_auto_mechanisms/__pycache__/__init__.cpython-310.pyc
/home/hatsu/robobobo/nise_tourobo_2026/src/tourobo_2026_auto_mechanisms/install/tourobo_2026_auto_mechanisms/lib/python3.10/site-packages/tourobo_2026_auto_mechanisms/__pycache__/ball_put_plate_node.cpython-310.pyc
/home/hatsu/robobobo/nise_tourobo_2026/src/tourobo_2026_auto_mechanisms/install/tourobo_2026_auto_mechanisms/lib/python3.10/site-packages/tourobo_2026_auto_mechanisms/__pycache__/ball_put_gate_node.cpython-310.pyc
/home/hatsu/robobobo/nise_tourobo_2026/src/tourobo_2026_auto_mechanisms/install/tourobo_2026_auto_mechanisms/lib/python3.10/site-packages/tourobo_2026_auto_mechanisms/__pycache__/testnode.cpython-310.pyc
/home/hatsu/robobobo/nise_tourobo_2026/src/tourobo_2026_auto_mechanisms/install/tourobo_2026_auto_mechanisms/lib/python3.10/site-packages/tourobo_2026_auto_mechanisms/__pycache__/ball_get_node.cpython-310.pyc
/home/hatsu/robobobo/nise_tourobo_2026/src/tourobo_2026_auto_mechanisms/install/tourobo_2026_auto_mechanisms/lib/python3.10/site-packages/tourobo_2026_auto_mechanisms/__pycache__/joy_mechanism_client.cpython-310.pyc
/home/hatsu/robobobo/nise_tourobo_2026/src/tourobo_2026_auto_mechanisms/install/tourobo_2026_auto_mechanisms/lib/python3.10/site-packages/tourobo_2026_auto_mechanisms/__pycache__/yolo_node.cpython-310.pyc
/home/hatsu/robobobo/nise_tourobo_2026/src/tourobo_2026_auto_mechanisms/install/tourobo_2026_auto_mechanisms/share/ament_index/resource_index/packages/tourobo_2026_auto_mechanisms
/home/hatsu/robobobo/nise_tourobo_2026/src/tourobo_2026_auto_mechanisms/install/tourobo_2026_auto_mechanisms/share/tourobo_2026_auto_mechanisms/package.xml
/home/hatsu/robobobo/nise_tourobo_2026/src/tourobo_2026_auto_mechanisms/install/tourobo_2026_auto_mechanisms/lib/python3.10/site-packages/tourobo_2026_auto_mechanisms-0.0.0-py3.10.egg-info/zip-safe
/home/hatsu/robobobo/nise_tourobo_2026/src/tourobo_2026_auto_mechanisms/install/tourobo_2026_auto_mechanisms/lib/python3.10/site-packages/tourobo_2026_auto_mechanisms-0.0.0-py3.10.egg-info/entry_points.txt
/home/hatsu/robobobo/nise_tourobo_2026/src/tourobo_2026_auto_mechanisms/install/tourobo_2026_auto_mechanisms/lib/python3.10/site-packages/tourobo_2026_auto_mechanisms-0.0.0-py3.10.egg-info/dependency_links.txt
/home/hatsu/robobobo/nise_tourobo_2026/src/tourobo_2026_auto_mechanisms/install/tourobo_2026_auto_mechanisms/lib/python3.10/site-packages/tourobo_2026_auto_mechanisms-0.0.0-py3.10.egg-info/requires.txt
/home/hatsu/robobobo/nise_tourobo_2026/src/tourobo_2026_auto_mechanisms/install/tourobo_2026_auto_mechanisms/lib/python3.10/site-packages/tourobo_2026_auto_mechanisms-0.0.0-py3.10.egg-info/PKG-INFO
/home/hatsu/robobobo/nise_tourobo_2026/src/tourobo_2026_auto_mechanisms/install/tourobo_2026_auto_mechanisms/lib/python3.10/site-packages/tourobo_2026_auto_mechanisms-0.0.0-py3.10.egg-info/SOURCES.txt
/home/hatsu/robobobo/nise_tourobo_2026/src/tourobo_2026_auto_mechanisms/install/tourobo_2026_auto_mechanisms/lib/python3.10/site-packages/tourobo_2026_auto_mechanisms-0.0.0-py3.10.egg-info/top_level.txt
/home/hatsu/robobobo/nise_tourobo_2026/src/tourobo_2026_auto_mechanisms/install/tourobo_2026_auto_mechanisms/lib/tourobo_2026_auto_mechanisms/ball_get_node
/home/hatsu/robobobo/nise_tourobo_2026/src/tourobo_2026_auto_mechanisms/install/tourobo_2026_auto_mechanisms/lib/tourobo_2026_auto_mechanisms/ball_put_gate_node
/home/hatsu/robobobo/nise_tourobo_2026/src/tourobo_2026_auto_mechanisms/install/tourobo_2026_auto_mechanisms/lib/tourobo_2026_auto_mechanisms/ball_put_plate_node
/home/hatsu/robobobo/nise_tourobo_2026/src/tourobo_2026_auto_mechanisms/install/tourobo_2026_auto_mechanisms/lib/tourobo_2026_auto_mechanisms/ball_shoot_node
/home/hatsu/robobobo/nise_tourobo_2026/src/tourobo_2026_auto_mechanisms/install/tourobo_2026_auto_mechanisms/lib/tourobo_2026_auto_mechanisms/joy_mechanism_client
/home/hatsu/robobobo/nise_tourobo_2026/src/tourobo_2026_auto_mechanisms/install/tourobo_2026_auto_mechanisms/lib/tourobo_2026_auto_mechanisms/yolo_node
