running egg_info
creating ../../build/tourobo_auto_main_pkg/tourobo_auto_main_pkg.egg-info
writing ../../build/tourobo_auto_main_pkg/tourobo_auto_main_pkg.egg-info/PKG-INFO
writing dependency_links to ../../build/tourobo_auto_main_pkg/tourobo_auto_main_pkg.egg-info/dependency_links.txt
writing entry points to ../../build/tourobo_auto_main_pkg/tourobo_auto_main_pkg.egg-info/entry_points.txt
writing requirements to ../../build/tourobo_auto_main_pkg/tourobo_auto_main_pkg.egg-info/requires.txt
writing top-level names to ../../build/tourobo_auto_main_pkg/tourobo_auto_main_pkg.egg-info/top_level.txt
writing manifest file '../../build/tourobo_auto_main_pkg/tourobo_auto_main_pkg.egg-info/SOURCES.txt'
reading manifest file '../../build/tourobo_auto_main_pkg/tourobo_auto_main_pkg.egg-info/SOURCES.txt'
writing manifest file '../../build/tourobo_auto_main_pkg/tourobo_auto_main_pkg.egg-info/SOURCES.txt'
running build
running build_py
creating /home/hatsu/Robobobo/tourobo_2026/build/tourobo_auto_main_pkg/build
creating /home/hatsu/Robobobo/tourobo_2026/build/tourobo_auto_main_pkg/build/lib
creating /home/hatsu/Robobobo/tourobo_2026/build/tourobo_auto_main_pkg/build/lib/tourobo_auto_main_pkg
copying tourobo_auto_main_pkg/__init__.py -> /home/hatsu/Robobobo/tourobo_2026/build/tourobo_auto_main_pkg/build/lib/tourobo_auto_main_pkg
running install
running install_lib
creating /home/hatsu/Robobobo/tourobo_2026/install/tourobo_auto_main_pkg/lib/python3.10/site-packages/tourobo_auto_main_pkg
copying /home/hatsu/Robobobo/tourobo_2026/build/tourobo_auto_main_pkg/build/lib/tourobo_auto_main_pkg/__init__.py -> /home/hatsu/Robobobo/tourobo_2026/install/tourobo_auto_main_pkg/lib/python3.10/site-packages/tourobo_auto_main_pkg
byte-compiling /home/hatsu/Robobobo/tourobo_2026/install/tourobo_auto_main_pkg/lib/python3.10/site-packages/tourobo_auto_main_pkg/__init__.py to __init__.cpython-310.pyc
running install_data
creating /home/hatsu/Robobobo/tourobo_2026/install/tourobo_auto_main_pkg/share/ament_index
creating /home/hatsu/Robobobo/tourobo_2026/install/tourobo_auto_main_pkg/share/ament_index/resource_index
creating /home/hatsu/Robobobo/tourobo_2026/install/tourobo_auto_main_pkg/share/ament_index/resource_index/packages
copying resource/tourobo_auto_main_pkg -> /home/hatsu/Robobobo/tourobo_2026/install/tourobo_auto_main_pkg/share/ament_index/resource_index/packages
copying package.xml -> /home/hatsu/Robobobo/tourobo_2026/install/tourobo_auto_main_pkg/share/tourobo_auto_main_pkg
running install_egg_info
Copying ../../build/tourobo_auto_main_pkg/tourobo_auto_main_pkg.egg-info to /home/hatsu/Robobobo/tourobo_2026/install/tourobo_auto_main_pkg/lib/python3.10/site-packages/tourobo_auto_main_pkg-0.0.0-py3.10.egg-info
running install_scripts
writing list of installed files to '/home/hatsu/Robobobo/tourobo_2026/build/tourobo_auto_main_pkg/install.log'
