[0.964s] Invoking command in '/home/hatsu/Robobobo/tourobo_2026/src/tourobo_auto_main_pkg': PYTHONPATH=/home/hatsu/Robobobo/tourobo_2026/build/tourobo_auto_main_pkg/prefix_override:/usr/lib/python3/dist-packages/colcon_core/task/python/colcon_distutils_commands:/home/hatsu/Robobobo/tourobo_2026/install/tourobo_auto_main_pkg/lib/python3.10/site-packages:${PYTHONPATH} /usr/bin/python3 -W ignore:setup.py install is deprecated -W ignore:easy_install command is deprecated setup.py egg_info --egg-base ../../build/tourobo_auto_main_pkg build --build-base /home/hatsu/Robobobo/tourobo_2026/build/tourobo_auto_main_pkg/build install --record /home/hatsu/Robobobo/tourobo_2026/build/tourobo_auto_main_pkg/install.log --install-scripts $base/lib/tourobo_auto_main_pkg --single-version-externally-managed install_data
[1.332s] running egg_info
[1.333s] creating ../../build/tourobo_auto_main_pkg/tourobo_auto_main_pkg.egg-info
[1.334s] writing ../../build/tourobo_auto_main_pkg/tourobo_auto_main_pkg.egg-info/PKG-INFO
[1.334s] writing dependency_links to ../../build/tourobo_auto_main_pkg/tourobo_auto_main_pkg.egg-info/dependency_links.txt
[1.334s] writing entry points to ../../build/tourobo_auto_main_pkg/tourobo_auto_main_pkg.egg-info/entry_points.txt
[1.335s] writing requirements to ../../build/tourobo_auto_main_pkg/tourobo_auto_main_pkg.egg-info/requires.txt
[1.335s] writing top-level names to ../../build/tourobo_auto_main_pkg/tourobo_auto_main_pkg.egg-info/top_level.txt
[1.335s] writing manifest file '../../build/tourobo_auto_main_pkg/tourobo_auto_main_pkg.egg-info/SOURCES.txt'
[1.338s] reading manifest file '../../build/tourobo_auto_main_pkg/tourobo_auto_main_pkg.egg-info/SOURCES.txt'
[1.339s] writing manifest file '../../build/tourobo_auto_main_pkg/tourobo_auto_main_pkg.egg-info/SOURCES.txt'
[1.339s] running build
[1.339s] running build_py
[1.339s] creating /home/hatsu/Robobobo/tourobo_2026/build/tourobo_auto_main_pkg/build
[1.339s] creating /home/hatsu/Robobobo/tourobo_2026/build/tourobo_auto_main_pkg/build/lib
[1.339s] creating /home/hatsu/Robobobo/tourobo_2026/build/tourobo_auto_main_pkg/build/lib/tourobo_auto_main_pkg
[1.340s] copying tourobo_auto_main_pkg/__init__.py -> /home/hatsu/Robobobo/tourobo_2026/build/tourobo_auto_main_pkg/build/lib/tourobo_auto_main_pkg
[1.340s] running install
[1.340s] running install_lib
[1.341s] creating /home/hatsu/Robobobo/tourobo_2026/install/tourobo_auto_main_pkg/lib/python3.10/site-packages/tourobo_auto_main_pkg
[1.341s] copying /home/hatsu/Robobobo/tourobo_2026/build/tourobo_auto_main_pkg/build/lib/tourobo_auto_main_pkg/__init__.py -> /home/hatsu/Robobobo/tourobo_2026/install/tourobo_auto_main_pkg/lib/python3.10/site-packages/tourobo_auto_main_pkg
[1.342s] byte-compiling /home/hatsu/Robobobo/tourobo_2026/install/tourobo_auto_main_pkg/lib/python3.10/site-packages/tourobo_auto_main_pkg/__init__.py to __init__.cpython-310.pyc
[1.342s] running install_data
[1.342s] creating /home/hatsu/Robobobo/tourobo_2026/install/tourobo_auto_main_pkg/share/ament_index
[1.343s] creating /home/hatsu/Robobobo/tourobo_2026/install/tourobo_auto_main_pkg/share/ament_index/resource_index
[1.343s] creating /home/hatsu/Robobobo/tourobo_2026/install/tourobo_auto_main_pkg/share/ament_index/resource_index/packages
[1.343s] copying resource/tourobo_auto_main_pkg -> /home/hatsu/Robobobo/tourobo_2026/install/tourobo_auto_main_pkg/share/ament_index/resource_index/packages
[1.343s] copying package.xml -> /home/hatsu/Robobobo/tourobo_2026/install/tourobo_auto_main_pkg/share/tourobo_auto_main_pkg
[1.343s] running install_egg_info
[1.348s] Copying ../../build/tourobo_auto_main_pkg/tourobo_auto_main_pkg.egg-info to /home/hatsu/Robobobo/tourobo_2026/install/tourobo_auto_main_pkg/lib/python3.10/site-packages/tourobo_auto_main_pkg-0.0.0-py3.10.egg-info
[1.349s] running install_scripts
[1.377s] writing list of installed files to '/home/hatsu/Robobobo/tourobo_2026/build/tourobo_auto_main_pkg/install.log'
[1.416s] Invoked command in '/home/hatsu/Robobobo/tourobo_2026/src/tourobo_auto_main_pkg' returned '0': PYTHONPATH=/home/hatsu/Robobobo/tourobo_2026/build/tourobo_auto_main_pkg/prefix_override:/usr/lib/python3/dist-packages/colcon_core/task/python/colcon_distutils_commands:/home/hatsu/Robobobo/tourobo_2026/install/tourobo_auto_main_pkg/lib/python3.10/site-packages:${PYTHONPATH} /usr/bin/python3 -W ignore:setup.py install is deprecated -W ignore:easy_install command is deprecated setup.py egg_info --egg-base ../../build/tourobo_auto_main_pkg build --build-base /home/hatsu/Robobobo/tourobo_2026/build/tourobo_auto_main_pkg/build install --record /home/hatsu/Robobobo/tourobo_2026/build/tourobo_auto_main_pkg/install.log --install-scripts $base/lib/tourobo_auto_main_pkg --single-version-externally-managed install_data
