[0.903s] Invoking command in '/home/hatsu/Robobobobobobo/tourobo_2026/src/tourobo_2026_auto': PYTHONPATH=/home/hatsu/Robobobobobobo/tourobo_2026/build/tourobo_2026_auto/prefix_override:/usr/lib/python3/dist-packages/colcon_core/task/python/colcon_distutils_commands:/home/hatsu/Robobobobobobo/tourobo_2026/install/tourobo_2026_auto/lib/python3.10/site-packages:${PYTHONPATH} /usr/bin/python3 -W ignore:setup.py install is deprecated -W ignore:easy_install command is deprecated setup.py egg_info --egg-base ../../build/tourobo_2026_auto build --build-base /home/hatsu/Robobobobobobo/tourobo_2026/build/tourobo_2026_auto/build install --record /home/hatsu/Robobobobobobo/tourobo_2026/build/tourobo_2026_auto/install.log --single-version-externally-managed install_data
[1.275s] running egg_info
[1.276s] creating ../../build/tourobo_2026_auto/tourobo_2026_auto.egg-info
[1.277s] writing ../../build/tourobo_2026_auto/tourobo_2026_auto.egg-info/PKG-INFO
[1.277s] writing dependency_links to ../../build/tourobo_2026_auto/tourobo_2026_auto.egg-info/dependency_links.txt
[1.277s] writing entry points to ../../build/tourobo_2026_auto/tourobo_2026_auto.egg-info/entry_points.txt
[1.277s] writing requirements to ../../build/tourobo_2026_auto/tourobo_2026_auto.egg-info/requires.txt
[1.278s] writing top-level names to ../../build/tourobo_2026_auto/tourobo_2026_auto.egg-info/top_level.txt
[1.278s] writing manifest file '../../build/tourobo_2026_auto/tourobo_2026_auto.egg-info/SOURCES.txt'
[1.280s] reading manifest file '../../build/tourobo_2026_auto/tourobo_2026_auto.egg-info/SOURCES.txt'
[1.283s] writing manifest file '../../build/tourobo_2026_auto/tourobo_2026_auto.egg-info/SOURCES.txt'
[1.283s] running build
[1.283s] running build_py
[1.283s] creating /home/hatsu/Robobobobobobo/tourobo_2026/build/tourobo_2026_auto/build
[1.284s] creating /home/hatsu/Robobobobobobo/tourobo_2026/build/tourobo_2026_auto/build/lib
[1.284s] creating /home/hatsu/Robobobobobobo/tourobo_2026/build/tourobo_2026_auto/build/lib/tourobo_2026_auto
[1.284s] copying tourobo_2026_auto/__init__.py -> /home/hatsu/Robobobobobobo/tourobo_2026/build/tourobo_2026_auto/build/lib/tourobo_2026_auto
[1.285s] running install
[1.285s] running install_lib
[1.287s] creating /home/hatsu/Robobobobobobo/tourobo_2026/install/tourobo_2026_auto/lib/python3.10/site-packages/tourobo_2026_auto
[1.287s] copying /home/hatsu/Robobobobobobo/tourobo_2026/build/tourobo_2026_auto/build/lib/tourobo_2026_auto/__init__.py -> /home/hatsu/Robobobobobobo/tourobo_2026/install/tourobo_2026_auto/lib/python3.10/site-packages/tourobo_2026_auto
[1.288s] byte-compiling /home/hatsu/Robobobobobobo/tourobo_2026/install/tourobo_2026_auto/lib/python3.10/site-packages/tourobo_2026_auto/__init__.py to __init__.cpython-310.pyc
[1.288s] running install_data
[1.289s] creating /home/hatsu/Robobobobobobo/tourobo_2026/install/tourobo_2026_auto/share/ament_index
[1.289s] creating /home/hatsu/Robobobobobobo/tourobo_2026/install/tourobo_2026_auto/share/ament_index/resource_index
[1.289s] creating /home/hatsu/Robobobobobobo/tourobo_2026/install/tourobo_2026_auto/share/ament_index/resource_index/packages
[1.289s] copying resource/tourobo_2026_auto -> /home/hatsu/Robobobobobobo/tourobo_2026/install/tourobo_2026_auto/share/ament_index/resource_index/packages
[1.289s] copying package.xml -> /home/hatsu/Robobobobobobo/tourobo_2026/install/tourobo_2026_auto/share/tourobo_2026_auto
[1.289s] running install_egg_info
[1.293s] Copying ../../build/tourobo_2026_auto/tourobo_2026_auto.egg-info to /home/hatsu/Robobobobobobo/tourobo_2026/install/tourobo_2026_auto/lib/python3.10/site-packages/tourobo_2026_auto-0.0.0-py3.10.egg-info
[1.294s] running install_scripts
[1.322s] writing list of installed files to '/home/hatsu/Robobobobobobo/tourobo_2026/build/tourobo_2026_auto/install.log'
[1.362s] Invoked command in '/home/hatsu/Robobobobobobo/tourobo_2026/src/tourobo_2026_auto' returned '0': PYTHONPATH=/home/hatsu/Robobobobobobo/tourobo_2026/build/tourobo_2026_auto/prefix_override:/usr/lib/python3/dist-packages/colcon_core/task/python/colcon_distutils_commands:/home/hatsu/Robobobobobobo/tourobo_2026/install/tourobo_2026_auto/lib/python3.10/site-packages:${PYTHONPATH} /usr/bin/python3 -W ignore:setup.py install is deprecated -W ignore:easy_install command is deprecated setup.py egg_info --egg-base ../../build/tourobo_2026_auto build --build-base /home/hatsu/Robobobobobobo/tourobo_2026/build/tourobo_2026_auto/build install --record /home/hatsu/Robobobobobobo/tourobo_2026/build/tourobo_2026_auto/install.log --single-version-externally-managed install_data
