[0.848s] Invoking command in '/home/hatsu/Robobobo/tourobo_2026/src/tourobo_auto_main_pkg': PYTHONPATH=/home/hatsu/Robobobo/tourobo_2026/build/tourobo_auto_main_pkg/prefix_override:/usr/lib/python3/dist-packages/colcon_core/task/python/colcon_distutils_commands:/home/hatsu/Robobobo/tourobo_2026/install/tourobo_auto_main_pkg/lib/python3.10/site-packages:${PYTHONPATH} /usr/bin/python3 -W ignore:setup.py install is deprecated -W ignore:easy_install command is deprecated setup.py egg_info --egg-base ../../build/tourobo_auto_main_pkg build --build-base /home/hatsu/Robobobo/tourobo_2026/build/tourobo_auto_main_pkg/build install --record /home/hatsu/Robobobo/tourobo_2026/build/tourobo_auto_main_pkg/install.log --install-scripts $base/lib/tourobo_auto_main_pkg --single-version-externally-managed install_data
[1.187s] running egg_info
[1.188s] writing ../../build/tourobo_auto_main_pkg/tourobo_auto_main_pkg.egg-info/PKG-INFO
[1.188s] writing dependency_links to ../../build/tourobo_auto_main_pkg/tourobo_auto_main_pkg.egg-info/dependency_links.txt
[1.189s] writing entry points to ../../build/tourobo_auto_main_pkg/tourobo_auto_main_pkg.egg-info/entry_points.txt
[1.189s] writing requirements to ../../build/tourobo_auto_main_pkg/tourobo_auto_main_pkg.egg-info/requires.txt
[1.189s] writing top-level names to ../../build/tourobo_auto_main_pkg/tourobo_auto_main_pkg.egg-info/top_level.txt
[1.192s] reading manifest file '../../build/tourobo_auto_main_pkg/tourobo_auto_main_pkg.egg-info/SOURCES.txt'
[1.194s] writing manifest file '../../build/tourobo_auto_main_pkg/tourobo_auto_main_pkg.egg-info/SOURCES.txt'
[1.194s] running build
[1.194s] running build_py
[1.194s] copying tourobo_auto_main_pkg/testnode.py -> /home/hatsu/Robobobo/tourobo_2026/build/tourobo_auto_main_pkg/build/lib/tourobo_auto_main_pkg
[1.195s] running install
[1.195s] running install_lib
[1.196s] copying /home/hatsu/Robobobo/tourobo_2026/build/tourobo_auto_main_pkg/build/lib/tourobo_auto_main_pkg/testnode.py -> /home/hatsu/Robobobo/tourobo_2026/install/tourobo_auto_main_pkg/lib/python3.10/site-packages/tourobo_auto_main_pkg
[1.197s] byte-compiling /home/hatsu/Robobobo/tourobo_2026/install/tourobo_auto_main_pkg/lib/python3.10/site-packages/tourobo_auto_main_pkg/testnode.py to testnode.cpython-310.pyc
[1.198s] running install_data
[1.198s] running install_egg_info
[1.202s] removing '/home/hatsu/Robobobo/tourobo_2026/install/tourobo_auto_main_pkg/lib/python3.10/site-packages/tourobo_auto_main_pkg-0.0.0-py3.10.egg-info' (and everything under it)
[1.202s] Copying ../../build/tourobo_auto_main_pkg/tourobo_auto_main_pkg.egg-info to /home/hatsu/Robobobo/tourobo_2026/install/tourobo_auto_main_pkg/lib/python3.10/site-packages/tourobo_auto_main_pkg-0.0.0-py3.10.egg-info
[1.203s] running install_scripts
[1.234s] writing list of installed files to '/home/hatsu/Robobobo/tourobo_2026/build/tourobo_auto_main_pkg/install.log'
[1.277s] Invoked command in '/home/hatsu/Robobobo/tourobo_2026/src/tourobo_auto_main_pkg' returned '0': PYTHONPATH=/home/hatsu/Robobobo/tourobo_2026/build/tourobo_auto_main_pkg/prefix_override:/usr/lib/python3/dist-packages/colcon_core/task/python/colcon_distutils_commands:/home/hatsu/Robobobo/tourobo_2026/install/tourobo_auto_main_pkg/lib/python3.10/site-packages:${PYTHONPATH} /usr/bin/python3 -W ignore:setup.py install is deprecated -W ignore:easy_install command is deprecated setup.py egg_info --egg-base ../../build/tourobo_auto_main_pkg build --build-base /home/hatsu/Robobobo/tourobo_2026/build/tourobo_auto_main_pkg/build install --record /home/hatsu/Robobobo/tourobo_2026/build/tourobo_auto_main_pkg/install.log --install-scripts $base/lib/tourobo_auto_main_pkg --single-version-externally-managed install_data
